// Vitest Snapshot v1, https://vitest.dev/guide/snapshot.html

exports[`useInput > should return the correct template 1`] = `
<DocumentFragment>
  <label
    for="test"
  >
    test
  </label>
  <input
    name="test"
    placeholder="placeholder"
    value="default"
  />
  <p>
    tt
  </p>
  <span>
    error
  </span>
</DocumentFragment>
`;
